// Jest Snapshot v1, https://goo.gl/fbAQLP

exports[`##SNAPSHOT## Events Snapshot 1`] = `<eventDetails />`;
