// Jest Snapshot v1, https://goo.gl/fbAQLP

exports[`##SNAPSHOT## Login Snapshot 1`] = `
<View
  accessible={true}
  focusable={true}
  onClick={[Function]}
  onLayout={[Function]}
  onResponderGrant={[Function]}
  onResponderMove={[Function]}
  onResponderRelease={[Function]}
  onResponderTerminate={[Function]}
  onResponderTerminationRequest={[Function]}
  onStartShouldSetResponder={[Function]}
  style={
    Array [
      Object {
        "alignItems": "center",
        "backgroundColor": "#FFF",
        "flex": 1,
        "flexDirection": "column",
        "height": null,
        "justifyContent": "center",
        "width": null,
      },
      Object {
        "paddingBottom": 0,
      },
    ]
  }
>
  <View
    style={
      Array [
        Object {
          "alignItems": "center",
          "backgroundColor": "#FFF",
          "flexBasis": 0,
          "flexGrow": 1,
          "flexShrink": 1,
          "justifyContent": "center",
        },
      ]
    }
  >
    <View
      style={
        Array [
          Object {},
        ]
      }
    >
      <Text
        style={
          Array [
            Object {
              "color": "#333333",
              "fontFamily": "SFProDisplay-Bold",
              "fontSize": 54,
              "marginBottom": 60,
            },
          ]
        }
      >
        FaÃ§a seu login ðŸ”‘
      </Text>
      <Text
        style={
          Array [
            Object {
              "color": "#666666",
              "fontFamily": "SFProDisplay-Regular",
              "fontSize": 31.5,
            },
          ]
        }
      >
        Email ou usuÃ¡rio
      </Text>
      <View
        style={
          Array [
            Object {
              "flexDirection": "row",
            },
          ]
        }
      >
        <TextInput
          allowFontScaling={true}
          autoCapitalize="none"
          focusColor="#ABB1B7"
          keyboardType="email-address"
          onBlur={[Function]}
          onChangeText={[Function]}
          onFocus={[Function]}
          placeholderTextColor="rgba(0, 0, 0, 0.5)"
          rejectResponderTermination={true}
          style={
            Array [
              Object {
                "borderColor": "#ABB1B7",
                "borderRadius": 7.5,
                "borderStyle": "solid",
                "borderWidth": 1,
                "color": "#333333",
                "fontFamily": "SFProDisplay-Regular",
                "fontSize": 37.5,
                "height": 126.73,
                "paddingLeft": "7%",
                "paddingRight": "14%",
                "width": 654,
              },
            ]
          }
          testID="inputEmail"
          underlineColorAndroid="transparent"
          value="student@ae.com"
        />
        <Icon
          name="email-outline"
          style={
            Array [
              Object {
                "alignItems": "center",
                "alignSelf": "center",
                "color": "#AAAAAA",
                "fontSize": 60,
                "justifyContent": "center",
                "position": "absolute",
                "right": 22.5,
              },
            ]
          }
        />
      </View>
    </View>
    <View
      style={
        Array [
          Object {
            "marginTop": 26.68,
          },
        ]
      }
    >
      <Text
        style={
          Array [
            Object {
              "color": "#666666",
              "fontFamily": "SFProDisplay-Regular",
              "fontSize": 31.5,
            },
          ]
        }
      >
        Senha
      </Text>
      <View
        style={
          Array [
            Object {
              "flexDirection": "row",
            },
          ]
        }
      >
        <TextInput
          allowFontScaling={true}
          autoCapitalize="none"
          focusColor="#ABB1B7"
          onBlur={[Function]}
          onChangeText={[Function]}
          onFocus={[Function]}
          placeholderTextColor="rgba(0, 0, 0, 0.5)"
          rejectResponderTermination={true}
          secureTextEntry={true}
          style={
            Array [
              Object {
                "borderColor": "#ABB1B7",
                "borderRadius": 7.5,
                "borderStyle": "solid",
                "borderWidth": 1,
                "color": "#333333",
                "fontFamily": "SFProDisplay-Regular",
                "fontSize": 37.5,
                "height": 126.73,
                "paddingLeft": "7%",
                "paddingRight": "14%",
                "width": 654,
              },
            ]
          }
          testID="inputPassword"
          underlineColorAndroid="transparent"
          value=""
        />
        <View
          accessible={true}
          focusable={true}
          onClick={[Function]}
          onResponderGrant={[Function]}
          onResponderMove={[Function]}
          onResponderRelease={[Function]}
          onResponderTerminate={[Function]}
          onResponderTerminationRequest={[Function]}
          onStartShouldSetResponder={[Function]}
          style={
            Object {
              "alignItems": "center",
              "alignSelf": "center",
              "justifyContent": "center",
              "opacity": 1,
              "position": "absolute",
              "right": 22.5,
            }
          }
          testID="showPswBtn"
        >
          <Icon
            name="eye"
            style={
              Array [
                Object {
                  "color": "#AAAAAA",
                  "fontSize": 60,
                },
              ]
            }
          />
        </View>
      </View>
    </View>
  </View>
  <View
    style={
      Array [
        Object {
          "alignItems": "center",
          "justifyContent": "center",
          "width": "100%",
        },
      ]
    }
  >
    <View
      accessible={true}
      focusable={true}
      onClick={[Function]}
      onResponderGrant={[Function]}
      onResponderMove={[Function]}
      onResponderRelease={[Function]}
      onResponderTerminate={[Function]}
      onResponderTerminationRequest={[Function]}
      onStartShouldSetResponder={[Function]}
      style={
        Object {
          "alignItems": "center",
          "alignSelf": "center",
          "backgroundColor": "#733DBE",
          "borderRadius": 15,
          "bottom": 0,
          "height": 112.5,
          "justifyContent": "center",
          "marginBottom": "7%",
          "opacity": 1,
          "width": "82%",
        }
      }
      testID="entryButton"
    >
      <Text
        style={
          Array [
            Object {
              "color": "#FFFFFF",
              "fontFamily": "SFProDisplay-Semibold",
              "fontSize": 37.5,
            },
          ]
        }
      >
        Entrar
      </Text>
    </View>
  </View>
</View>
`;
